Copyright 1986-2022 Xilinx, Inc. All Rights Reserved.
--------------------------------------------------------------------------------------------------
| Tool Version : Vivado v.2022.1 (lin64) Build 3526262 Mon Apr 18 15:47:01 MDT 2022
| Date         : Fri Oct 31 16:09:02 2025
| Host         : arjun-Aspire-A315-59 running 64-bit Ubuntu 25.04
| Command      : report_control_sets -verbose -file stopwatch_4digit_7seg_control_sets_placed.rpt
| Design       : stopwatch_4digit_7seg
| Device       : xc7a100t
--------------------------------------------------------------------------------------------------

Control Set Information

Table of Contents
-----------------
1. Summary
2. Histogram
3. Flip-Flop Distribution
4. Detailed Control Set Information

1. Summary
----------

+----------------------------------------------------------+-------+
|                          Status                          | Count |
+----------------------------------------------------------+-------+
| Total control sets                                       |     9 |
|    Minimum number of control sets                        |     9 |
|    Addition due to synthesis replication                 |     0 |
|    Addition due to physical synthesis replication        |     0 |
| Unused register locations in slices containing registers |    35 |
+----------------------------------------------------------+-------+
* Control sets can be merged at opt_design using control_set_merge or merge_equivalent_drivers
** Run report_qor_suggestions for automated merging and remapping suggestions


2. Histogram
------------

+--------------------+-------+
|       Fanout       | Count |
+--------------------+-------+
| Total control sets |     9 |
| >= 0 to < 4        |     3 |
| >= 4 to < 6        |     0 |
| >= 6 to < 8        |     2 |
| >= 8 to < 10       |     1 |
| >= 10 to < 12      |     0 |
| >= 12 to < 14      |     0 |
| >= 14 to < 16      |     0 |
| >= 16              |     3 |
+--------------------+-------+
* Control sets can be remapped at either synth_design or opt_design


3. Flip-Flop Distribution
-------------------------

+--------------+-----------------------+------------------------+-----------------+--------------+
| Clock Enable | Synchronous Set/Reset | Asynchronous Set/Reset | Total Registers | Total Slices |
+--------------+-----------------------+------------------------+-----------------+--------------+
| No           | No                    | No                     |              22 |            6 |
| No           | No                    | Yes                    |              29 |            9 |
| No           | Yes                   | No                     |               8 |            4 |
| Yes          | No                    | No                     |               0 |            0 |
| Yes          | No                    | Yes                    |              34 |           11 |
| Yes          | Yes                   | No                     |               0 |            0 |
+--------------+-----------------------+------------------------+-----------------+--------------+


4. Detailed Control Set Information
-----------------------------------

+----------------+---------------------+------------------+------------------+----------------+--------------+
|  Clock Signal  |    Enable Signal    | Set/Reset Signal | Slice Load Count | Bel Load Count | Bels / Slice |
+----------------+---------------------+------------------+------------------+----------------+--------------+
|  clk_IBUF_BUFG | btn_sync1_out       | rst_IBUF         |                1 |              1 |         1.00 |
|  clk_IBUF_BUFG | btn_prev_i_1_n_0    | rst_IBUF         |                1 |              1 |         1.00 |
|  p_0_in        |                     |                  |                1 |              2 |         2.00 |
|  clk_IBUF_BUFG | seconds0            | rst_IBUF         |                2 |              6 |         3.00 |
|  clk_IBUF_BUFG | minutes[5]_i_1_n_0  | rst_IBUF         |                2 |              6 |         3.00 |
|  clk_IBUF_BUFG |                     | seg[3]_i_1_n_0   |                4 |              8 |         2.00 |
|  clk_IBUF_BUFG |                     |                  |                5 |             20 |         4.00 |
|  clk_IBUF_BUFG | db_count[0]_i_1_n_0 | rst_IBUF         |                5 |             20 |         4.00 |
|  clk_IBUF_BUFG |                     | rst_IBUF         |                9 |             29 |         3.22 |
+----------------+---------------------+------------------+------------------+----------------+--------------+


